--- DÉMARRAGE DU JOB 091a72f0f085 ---
Script : /mnt/c/Users/zatoui/dataset_chambres/telechargement_interface.py
CSV source : /mnt/c/Users/zatoui/dataset_chambres/backend/uploads/cartes/Exp-Avant-IA-Saint-jans-Cappel.csv
Dossier de sortie : /mnt/c/Users/zatoui/dataset_chambres/backend/uploads/downloads/091a72f0f085
Points max : 20
Interprète Python : /mnt/c/Users/zatoui/dataset_chambres/env_hybrid_311/bin/python3
Clé API transmise : Oui
Lancement du sous-processus...

[SCRIPT] Démarrage du script de téléchargement...
[SCRIPT] Execution via ligne de commande.
[SCRIPT] Lecture du fichier CSV : /mnt/c/Users/zatoui/dataset_chambres/backend/uploads/cartes/Exp-Avant-IA-Saint-jans-Cappel.csv
[SCRIPT] Clé API détectée : AIzaSy...
[SCRIPT] CSV chargé : 888 lignes trouvées.
[SCRIPT] Analyse du Point 0 (50.76609618984319, 2.7156906700856136)...
[SCRIPT] Image enregistrée : POINT_0_dist4m.jpg
[SCRIPT] Analyse du Point 1 (50.765265439991175, 2.7252577198371752)...
[SCRIPT] Image enregistrée : POINT_1_dist6m.jpg
[SCRIPT] Analyse du Point 2 (50.76796292903358, 2.7186271375885767)...
[SCRIPT] Image enregistrée : POINT_2_dist6m.jpg
[SCRIPT] Analyse du Point 3 (50.7656609945417, 2.70876037887413)...
[SCRIPT] Image enregistrée : POINT_3_dist13m.jpg
[SCRIPT] Analyse du Point 4 (50.78021933226435, 2.729517551666634)...
[SCRIPT] Image enregistrée : POINT_4_dist5m.jpg
[SCRIPT] Analyse du Point 5 (50.7590925037024, 2.724934413962284)...
[SCRIPT] Image enregistrée : POINT_5_dist3m.jpg
[SCRIPT] Analyse du Point 6 (50.75732636958182, 2.72920161575061)...
[SCRIPT] Image enregistrée : POINT_6_dist4m.jpg
[SCRIPT] Analyse du Point 7 (50.75743462787899, 2.72922804120084)...
[SCRIPT] Image enregistrée : POINT_7_dist9m.jpg
[SCRIPT] Analyse du Point 8 (50.78039996753164, 2.713849905995973)...
[SCRIPT] Image enregistrée : POINT_8_dist6m.jpg
[SCRIPT] Analyse du Point 9 (50.77830484591032, 2.717755576241092)...
[SCRIPT] Image enregistrée : POINT_9_dist6m.jpg
[SCRIPT] Analyse du Point 10 (50.780052269938, 2.7208479682371016)...
[SCRIPT] Image enregistrée : POINT_10_dist5m.jpg
[SCRIPT] Analyse du Point 11 (50.776327273629455, 2.7150477097436667)...
[SCRIPT] Image enregistrée : POINT_11_dist7m.jpg
[SCRIPT] Analyse du Point 12 (50.7813194244893, 2.740212197321652)...
[SCRIPT] Image enregistrée : POINT_12_dist7m.jpg
[SCRIPT] Analyse du Point 13 (50.77974406403328, 2.7270669663203417)...
[SCRIPT] Point 13 ignoré : distance hors-limite (57.3m)
[SCRIPT] Analyse du Point 14 (50.77607106872863, 2.7382973066366407)...
[SCRIPT] Image enregistrée : POINT_14_dist7m.jpg
[SCRIPT] Analyse du Point 15 (50.77326436888358, 2.713093296135527)...
[SCRIPT] Image enregistrée : POINT_15_dist3m.jpg
[SCRIPT] Analyse du Point 16 (50.76747419782965, 2.709660642747568)...
[SCRIPT] Point 16 ignoré : distance hors-limite (1.5m)
[SCRIPT] Analyse du Point 17 (50.76823349238181, 2.71903816846496)...
[SCRIPT] Image enregistrée : POINT_17_dist7m.jpg
[SCRIPT] Analyse du Point 18 (50.76860656075018, 2.718337857373356)...
[SCRIPT] Image enregistrée : POINT_18_dist9m.jpg
[SCRIPT] Analyse du Point 19 (50.768554094173005, 2.718073769189323)...
[SCRIPT] Image enregistrée : POINT_19_dist3m.jpg
