--- DÉMARRAGE DU JOB 500074eb4061 ---
Script : /mnt/c/Users/zatoui/dataset_chambres/backend/services/telechargement_interface.py
CSV source : /mnt/c/Users/zatoui/dataset_chambres/backend/uploads/cartes/Exp-Avant-IA-Saint-jans-Cappel.csv
Dossier de sortie : /mnt/c/Users/zatoui/dataset_chambres/backend/uploads/downloads/500074eb4061
Points max : 8
Interprète Python : /mnt/c/Users/zatoui/dataset_chambres/env_hybrid_311/bin/python3
Clé API transmise : Oui
Lancement du sous-processus...

[SCRIPT] Démarrage du script de téléchargement...
[SCRIPT] Execution via ligne de commande.
[SCRIPT] Lecture du fichier CSV : /mnt/c/Users/zatoui/dataset_chambres/backend/uploads/cartes/Exp-Avant-IA-Saint-jans-Cappel.csv
[SCRIPT] Clé API détectée : AIzaSy...
[SCRIPT] CSV chargé : 888 lignes trouvées.
[SCRIPT] Analyse du Point 0 (50.76609618984319, 2.7156906700856136)...
[SCRIPT] Image enregistrée : POINT_0_dist4m.jpg
[SCRIPT] Analyse du Point 1 (50.765265439991175, 2.7252577198371752)...
[SCRIPT] Image enregistrée : POINT_1_dist6m.jpg
[SCRIPT] Analyse du Point 2 (50.76796292903358, 2.7186271375885767)...
[SCRIPT] Image enregistrée : POINT_2_dist6m.jpg
[SCRIPT] Analyse du Point 3 (50.7656609945417, 2.70876037887413)...
[SCRIPT] Image enregistrée : POINT_3_dist13m.jpg
[SCRIPT] Analyse du Point 4 (50.78021933226435, 2.729517551666634)...
[SCRIPT] Image enregistrée : POINT_4_dist5m.jpg
[SCRIPT] Analyse du Point 5 (50.7590925037024, 2.724934413962284)...
[SCRIPT] Image enregistrée : POINT_5_dist3m.jpg
[SCRIPT] Analyse du Point 6 (50.75732636958182, 2.72920161575061)...
[SCRIPT] Image enregistrée : POINT_6_dist4m.jpg
[SCRIPT] Analyse du Point 7 (50.75743462787899, 2.72922804120084)...
[SCRIPT] Image enregistrée : POINT_7_dist9m.jpg
