  ❌ Point 13 (50.46422707818327,1.7649571893524685) : statut metadata = OK - aucun detail
  ❌ Point 14 (50.46431038783744,1.7664905860134246) : statut metadata = OK - aucun detail
  ❌ Point 18 (50.46658917647235,1.765691603677182) : statut metadata = OK - aucun detail
Images telechargees: 3/20
  - Point 0: erreur reseau metadata - HTTPSConnectionPool(host='maps.googleapis.com', port=443): Max retries exceeded with url: /maps/api/streetview/metadata?location=50.45712273511192%2C1.758488221098668&radius=30&key=AIzaSyD_4J99_NCwayT9pZlOdHXyNjBrPWnnoG0&source=outdoor (Caused by NewConnectionError('<urllib3.connection.HTTPSConnection object at 0x7029de0dbb50>: Failed to establish a new connection: [Errno 101] Network is unreachable'))
  - Point 1: erreur reseau metadata - HTTPSConnectionPool(host='maps.googleapis.com', port=443): Max retries exceeded with url: /maps/api/streetview/metadata?location=50.45827671675863%2C1.7589753854803074&radius=30&key=AIzaSyD_4J99_NCwayT9pZlOdHXyNjBrPWnnoG0&source=outdoor (Caused by NewConnectionError('<urllib3.connection.HTTPSConnection object at 0x7029dc57f090>: Failed to establish a new connection: [Errno 101] Network is unreachable'))
  - Point 2: erreur reseau metadata - HTTPSConnectionPool(host='maps.googleapis.com', port=443): Max retries exceeded with url: /maps/api/streetview/metadata?location=50.45877254103431%2C1.7593138749902846&radius=30&key=AIzaSyD_4J99_NCwayT9pZlOdHXyNjBrPWnnoG0&source=outdoor (Caused by NewConnectionError('<urllib3.connection.HTTPSConnection object at 0x7029dc583d50>: Failed to establish a new connection: [Errno 101] Network is unreachable'))
  - Point 3: erreur reseau metadata - HTTPSConnectionPool(host='maps.googleapis.com', port=443): Max retries exceeded with url: /maps/api/streetview/metadata?location=50.46328537610999%2C1.7625999978178286&radius=30&key=AIzaSyD_4J99_NCwayT9pZlOdHXyNjBrPWnnoG0&source=outdoor (Caused by NewConnectionError('<urllib3.connection.HTTPSConnection object at 0x7029dc7b5dd0>: Failed to establish a new connection: [Errno 101] Network is unreachable'))
  - Point 4: distance hors zone (0.8m)
  - Point 5: distance hors zone (5.5m)
  - Point 6: distance hors zone (5.5m)
  - Point 7: distance hors zone (2.5m)
  - Point 8: distance hors zone (3.8m)
  - Point 9 (50.4668685288473,1.7592397479199495): metadata status = ZERO_RESULTS - pas de detail fourni par Google
  - Point 10 (50.46655728169282,1.759039702695595): metadata status = ZERO_RESULTS - pas de detail fourni par Google
  - Point 11 (50.466665449361805,1.7592093725000937): metadata status = ZERO_RESULTS - pas de detail fourni par Google
  - Point 12: distance hors zone (3.7m)
  - Point 15: distance hors zone (3.8m)
  - Point 16: distance hors zone (5.3m)
  - Point 17: distance hors zone (5.1m)
  - Point 19: distance hors zone (5.1m)
