--- DÉMARRAGE DE L'INFÉRENCE POUR LE JOB d6439500bded ---
Script : /mnt/c/Users/zatoui/dataset_chambres/inference_nouvelles_images.py
Dossier images : /mnt/c/Users/zatoui/dataset_chambres/backend/uploads/downloads/d6439500bded/images
Dossier de sortie : /mnt/c/Users/zatoui/dataset_chambres/backend/uploads/downloads/d6439500bded/predictions

/mnt/c/Users/zatoui/dataset_chambres/env_hybrid_311/lib/python3.11/site-packages/mmseg/models/builder.py:36: UserWarning: ``build_loss`` would be deprecated soon, please use ``mmseg.registry.MODELS.build()`` 
  warnings.warn('``build_loss`` would be deprecated soon, please use '
/mnt/c/Users/zatoui/dataset_chambres/env_hybrid_311/lib/python3.11/site-packages/mmseg/models/losses/cross_entropy_loss.py:250: UserWarning: Default ``avg_non_ignore`` is False, if you would like to ignore the certain label and average loss over non-ignore labels, which is the same with PyTorch official cross_entropy, set ``avg_non_ignore=True``.
  warnings.warn(

======================================================================
DEVICE
======================================================================
Device utilise : cpu
44 images trouvees dans /mnt/c/Users/zatoui/dataset_chambres/backend/uploads/downloads/d6439500bded/images

======================================================================
CHARGEMENT FASTER R-CNN
======================================================================
Faster R-CNN charge avec succes.

======================================================================
CHARGEMENT DEEPLABV3+
======================================================================
Loads checkpoint by local backend from path: /mnt/c/Users/zatoui/dataset_chambres/best_mIoU_iter_2000.pth
DeepLabV3+ charge avec succes.

======================================================================
ETAPE 1 : COLLECTE FASTER R-CNN + DEEPLABV3+ (sans verite terrain)
======================================================================
  [5/44] images traitees (2 detections collectees)
  [10/44] images traitees (2 detections collectees)
  [15/44] images traitees (2 detections collectees)
  [20/44] images traitees (2 detections collectees)
  [25/44] images traitees (4 detections collectees)
  [30/44] images traitees (6 detections collectees)
Traceback (most recent call last):
  File "/mnt/c/Users/zatoui/dataset_chambres/inference_nouvelles_images.py", line 258, in <module>
    main()
  File "/mnt/c/Users/zatoui/dataset_chambres/inference_nouvelles_images.py", line 199, in main
    detections_completes = collecter_detections_sans_gt(
                           ^^^^^^^^^^^^^^^^^^^^^^^^^^^^^
  File "/mnt/c/Users/zatoui/dataset_chambres/inference_nouvelles_images.py", line 55, in collecter_detections_sans_gt
    detections = ff.inference_faster(faster_model, image, ff.CONFIG_DEEPLAB["score_th"])
                 ^^^^^^^^^^^^^^^^^^^^^^^^^^^^^^^^^^^^^^^^^^^^^^^^^^^^^^^^^^^^^^^^^^^^^^^
  File "/mnt/c/Users/zatoui/dataset_chambres/fusion_finale.py", line 360, in inference_faster
    prediction = faster_model([tensor])[0]
                 ^^^^^^^^^^^^^^^^^^^^^^
  File "/mnt/c/Users/zatoui/dataset_chambres/env_hybrid_311/lib/python3.11/site-packages/torch/nn/modules/module.py", line 1518, in _wrapped_call_impl
    return self._call_impl(*args, **kwargs)
           ^^^^^^^^^^^^^^^^^^^^^^^^^^^^^^^^
  File "/mnt/c/Users/zatoui/dataset_chambres/env_hybrid_311/lib/python3.11/site-packages/torch/nn/modules/module.py", line 1527, in _call_impl
    return forward_call(*args, **kwargs)
           ^^^^^^^^^^^^^^^^^^^^^^^^^^^^^
  File "/mnt/c/Users/zatoui/dataset_chambres/env_hybrid_311/lib/python3.11/site-packages/torchvision/models/detection/generalized_rcnn.py", line 105, in forward
    detections, detector_losses = self.roi_heads(features, proposals, images.image_sizes, targets)
                                  ^^^^^^^^^^^^^^^^^^^^^^^^^^^^^^^^^^^^^^^^^^^^^^^^^^^^^^^^^^^^^^^^
  File "/mnt/c/Users/zatoui/dataset_chambres/env_hybrid_311/lib/python3.11/site-packages/torch/nn/modules/module.py", line 1518, in _wrapped_call_impl
    return self._call_impl(*args, **kwargs)
           ^^^^^^^^^^^^^^^^^^^^^^^^^^^^^^^^
  File "/mnt/c/Users/zatoui/dataset_chambres/env_hybrid_311/lib/python3.11/site-packages/torch/nn/modules/module.py", line 1527, in _call_impl
    return forward_call(*args, **kwargs)
           ^^^^^^^^^^^^^^^^^^^^^^^^^^^^^
  File "/mnt/c/Users/zatoui/dataset_chambres/env_hybrid_311/lib/python3.11/site-packages/torchvision/models/detection/roi_heads.py", line 761, in forward
    box_features = self.box_roi_pool(features, proposals, image_shapes)
                   ^^^^^^^^^^^^^^^^^^^^^^^^^^^^^^^^^^^^^^^^^^^^^^^^^^^^
  File "/mnt/c/Users/zatoui/dataset_chambres/env_hybrid_311/lib/python3.11/site-packages/torch/nn/modules/module.py", line 1518, in _wrapped_call_impl
    return self._call_impl(*args, **kwargs)
           ^^^^^^^^^^^^^^^^^^^^^^^^^^^^^^^^
  File "/mnt/c/Users/zatoui/dataset_chambres/env_hybrid_311/lib/python3.11/site-packages/torch/nn/modules/module.py", line 1527, in _call_impl
    return forward_call(*args, **kwargs)
           ^^^^^^^^^^^^^^^^^^^^^^^^^^^^^
  File "/mnt/c/Users/zatoui/dataset_chambres/env_hybrid_311/lib/python3.11/site-packages/torchvision/ops/poolers.py", line 314, in forward
    return _multiscale_roi_align(
           ^^^^^^^^^^^^^^^^^^^^^^
  File "/mnt/c/Users/zatoui/dataset_chambres/env_hybrid_311/lib/python3.11/site-packages/torchvision/ops/poolers.py", line 204, in _multiscale_roi_align
    result_idx_in_level = roi_align(
                          ^^^^^^^^^^
  File "/mnt/c/Users/zatoui/dataset_chambres/env_hybrid_311/lib/python3.11/site-packages/torchvision/ops/roi_align.py", line 229, in roi_align
    check_roi_boxes_shape(boxes)
  File "/mnt/c/Users/zatoui/dataset_chambres/env_hybrid_311/lib/python3.11/site-packages/torchvision/ops/_utils.py", line 35, in check_roi_boxes_shape
    torch._assert(boxes.size(1) == 5, "The boxes tensor shape is not correct as Tensor[K, 5]")
  File "/mnt/c/Users/zatoui/dataset_chambres/env_hybrid_311/lib/python3.11/site-packages/torch/__init__.py", line 1402, in _assert
    if type(condition) is not torch.Tensor and has_torch_function((condition,)):
                                               ^^^^^^^^^^^^^^^^^^^^^^^^^^^^^^^^
KeyboardInterrupt
