--- DÉMARRAGE DU JOB e44efc636deb ---
Script : /mnt/c/Users/zatoui/dataset_chambres/backend/services/telechargement_interface.py
CSV source : /mnt/c/Users/zatoui/dataset_chambres/backend/uploads/cartes/Exp-Avant-IA-Saint-jans-Cappel.csv
Dossier de sortie : /mnt/c/Users/zatoui/dataset_chambres/backend/uploads/downloads/e44efc636deb
Points max : 8
Interprète Python : /mnt/c/Users/zatoui/dataset_chambres/env_hybrid_311/bin/python3
Clé API transmise : Oui
Lancement du sous-processus...

[SCRIPT] Démarrage du script de téléchargement...
[SCRIPT] Execution via ligne de commande.
[SCRIPT] Lecture du fichier CSV : /mnt/c/Users/zatoui/dataset_chambres/backend/uploads/cartes/Exp-Avant-IA-Saint-jans-Cappel.csv
[SCRIPT] Clé API détectée : AIzaSy...
[SCRIPT] CSV chargé : 888 lignes trouvées.
[SCRIPT] Analyse du Point 0 (50.76609618984319, 2.7156906700856136)...
[SCRIPT] Erreur au Point 0 - angle 0° : HTTPSConnectionPool(host='maps.googleapis.com', port=443): Max retries exceeded with url: /maps/api/streetview/metadata?location=50.76615914235561%2C2.7156906700856136&key=AIzaSyD_4J99_NCwayT9pZlOdHXyNjBrPWnnoG0&radius=15&source=outdoor (Caused by NewConnectionError('<urllib3.connection.HTTPSConnection object at 0x7956c8994310>: Failed to establish a new connection: [Errno -3] Temporary failure in name resolution'))
[SCRIPT] Erreur au Point 0 - angle 36° : HTTPSConnectionPool(host='maps.googleapis.com', port=443): Max retries exceeded with url: /maps/api/streetview/metadata?location=50.766147119480934%2C2.7157491733507557&key=AIzaSyD_4J99_NCwayT9pZlOdHXyNjBrPWnnoG0&radius=15&source=outdoor (Caused by NewConnectionError('<urllib3.connection.HTTPSConnection object at 0x7956c8395590>: Failed to establish a new connection: [Errno -3] Temporary failure in name resolution'))
[SCRIPT] Erreur au Point 0 - angle 72° : HTTPSConnectionPool(host='maps.googleapis.com', port=443): Max retries exceeded with url: /maps/api/streetview/metadata?location=50.76611564320106%2C2.715785330293381&key=AIzaSyD_4J99_NCwayT9pZlOdHXyNjBrPWnnoG0&radius=15&source=outdoor (Caused by NewConnectionError('<urllib3.connection.HTTPSConnection object at 0x7956c8395b50>: Failed to establish a new connection: [Errno -3] Temporary failure in name resolution'))
[SCRIPT] Erreur au Point 0 - angle 108° : HTTPSConnectionPool(host='maps.googleapis.com', port=443): Max retries exceeded with url: /maps/api/streetview/metadata?location=50.766076736408706%2C2.7157853302146617&key=AIzaSyD_4J99_NCwayT9pZlOdHXyNjBrPWnnoG0&radius=15&source=outdoor (Caused by NewConnectionError('<urllib3.connection.HTTPSConnection object at 0x7956c8395e50>: Failed to establish a new connection: [Errno -3] Temporary failure in name resolution'))
[SCRIPT] Erreur au Point 0 - angle 144° : HTTPSConnectionPool(host='maps.googleapis.com', port=443): Max retries exceeded with url: /maps/api/streetview/metadata?location=50.76604526017617%2C2.7157491732233856&key=AIzaSyD_4J99_NCwayT9pZlOdHXyNjBrPWnnoG0&radius=15&source=outdoor (Caused by NewConnectionError('<urllib3.connection.HTTPSConnection object at 0x7956c8395fd0>: Failed to establish a new connection: [Errno -3] Temporary failure in name resolution'))
[SCRIPT] Erreur au Point 0 - angle 180° : HTTPSConnectionPool(host='maps.googleapis.com', port=443): Max retries exceeded with url: /maps/api/streetview/metadata?location=50.76603323733077%2C2.7156906700856136&key=AIzaSyD_4J99_NCwayT9pZlOdHXyNjBrPWnnoG0&radius=15&source=outdoor (Caused by NewConnectionError('<urllib3.connection.HTTPSConnection object at 0x7956c83960d0>: Failed to establish a new connection: [Errno -3] Temporary failure in name resolution'))
[SCRIPT] Erreur au Point 0 - angle 216° : HTTPSConnectionPool(host='maps.googleapis.com', port=443): Max retries exceeded with url: /maps/api/streetview/metadata?location=50.76604526017617%2C2.715632166947842&key=AIzaSyD_4J99_NCwayT9pZlOdHXyNjBrPWnnoG0&radius=15&source=outdoor (Caused by NewConnectionError('<urllib3.connection.HTTPSConnection object at 0x7956c8396350>: Failed to establish a new connection: [Errno -3] Temporary failure in name resolution'))
[SCRIPT] Erreur au Point 0 - angle 252° : HTTPSConnectionPool(host='maps.googleapis.com', port=443): Max retries exceeded with url: /maps/api/streetview/metadata?location=50.766076736408706%2C2.715596009956566&key=AIzaSyD_4J99_NCwayT9pZlOdHXyNjBrPWnnoG0&radius=15&source=outdoor (Caused by NewConnectionError('<urllib3.connection.HTTPSConnection object at 0x7956c8395bd0>: Failed to establish a new connection: [Errno -3] Temporary failure in name resolution'))
[SCRIPT] Erreur au Point 0 - angle 288° : HTTPSConnectionPool(host='maps.googleapis.com', port=443): Max retries exceeded with url: /maps/api/streetview/metadata?location=50.76611564320106%2C2.7155960098778467&key=AIzaSyD_4J99_NCwayT9pZlOdHXyNjBrPWnnoG0&radius=15&source=outdoor (Caused by NewConnectionError('<urllib3.connection.HTTPSConnection object at 0x7956c8396610>: Failed to establish a new connection: [Errno -3] Temporary failure in name resolution'))
[SCRIPT] Erreur au Point 0 - angle 324° : HTTPSConnectionPool(host='maps.googleapis.com', port=443): Max retries exceeded with url: /maps/api/streetview/metadata?location=50.766147119480934%2C2.715632166820472&key=AIzaSyD_4J99_NCwayT9pZlOdHXyNjBrPWnnoG0&radius=15&source=outdoor (Caused by NewConnectionError('<urllib3.connection.HTTPSConnection object at 0x7956c8396250>: Failed to establish a new connection: [Errno -3] Temporary failure in name resolution'))
[SCRIPT] Point 0 terminé : 0 image(s) obtenue(s) sur 10 angles testés.
[SCRIPT] Analyse du Point 1 (50.765265439991175, 2.7252577198371752)...
[SCRIPT] Erreur au Point 1 - angle 0° : HTTPSConnectionPool(host='maps.googleapis.com', port=443): Max retries exceeded with url: /maps/api/streetview/metadata?location=50.76532839250359%2C2.7252577198371752&key=AIzaSyD_4J99_NCwayT9pZlOdHXyNjBrPWnnoG0&radius=15&source=outdoor (Caused by NewConnectionError('<urllib3.connection.HTTPSConnection object at 0x7956c8395f10>: Failed to establish a new connection: [Errno -3] Temporary failure in name resolution'))
[SCRIPT] Erreur au Point 1 - angle 36° : HTTPSConnectionPool(host='maps.googleapis.com', port=443): Max retries exceeded with url: /maps/api/streetview/metadata?location=50.76531636962892%2C2.7253162220635287&key=AIzaSyD_4J99_NCwayT9pZlOdHXyNjBrPWnnoG0&radius=15&source=outdoor (Caused by NewConnectionError('<urllib3.connection.HTTPSConnection object at 0x7956c83954d0>: Failed to establish a new connection: [Errno -3] Temporary failure in name resolution'))
[SCRIPT] Erreur au Point 1 - angle 72° : HTTPSConnectionPool(host='maps.googleapis.com', port=443): Max retries exceeded with url: /maps/api/streetview/metadata?location=50.76528489334904%2C2.7253523783641507&key=AIzaSyD_4J99_NCwayT9pZlOdHXyNjBrPWnnoG0&radius=15&source=outdoor (Caused by NewConnectionError('<urllib3.connection.HTTPSConnection object at 0x7956c8396b50>: Failed to establish a new connection: [Errno -3] Temporary failure in name resolution'))
[SCRIPT] Erreur au Point 1 - angle 108° : HTTPSConnectionPool(host='maps.googleapis.com', port=443): Max retries exceeded with url: /maps/api/streetview/metadata?location=50.76524598655669%2C2.7253523782854354&key=AIzaSyD_4J99_NCwayT9pZlOdHXyNjBrPWnnoG0&radius=15&source=outdoor (Caused by NewConnectionError('<urllib3.connection.HTTPSConnection object at 0x7956c83955d0>: Failed to establish a new connection: [Errno -3] Temporary failure in name resolution'))
[SCRIPT] Erreur au Point 1 - angle 144° : HTTPSConnectionPool(host='maps.googleapis.com', port=443): Max retries exceeded with url: /maps/api/streetview/metadata?location=50.76521451032417%2C2.725316221936165&key=AIzaSyD_4J99_NCwayT9pZlOdHXyNjBrPWnnoG0&radius=15&source=outdoor (Caused by NewConnectionError('<urllib3.connection.HTTPSConnection object at 0x7956c83964d0>: Failed to establish a new connection: [Errno -3] Temporary failure in name resolution'))
[SCRIPT] Erreur au Point 1 - angle 180° : HTTPSConnectionPool(host='maps.googleapis.com', port=443): Max retries exceeded with url: /maps/api/streetview/metadata?location=50.76520248747876%2C2.7252577198371752&key=AIzaSyD_4J99_NCwayT9pZlOdHXyNjBrPWnnoG0&radius=15&source=outdoor (Caused by NewConnectionError('<urllib3.connection.HTTPSConnection object at 0x7956c8395e50>: Failed to establish a new connection: [Errno -3] Temporary failure in name resolution'))
[SCRIPT] Erreur au Point 1 - angle 216° : HTTPSConnectionPool(host='maps.googleapis.com', port=443): Max retries exceeded with url: /maps/api/streetview/metadata?location=50.76521451032417%2C2.725199217738185&key=AIzaSyD_4J99_NCwayT9pZlOdHXyNjBrPWnnoG0&radius=15&source=outdoor (Caused by NewConnectionError('<urllib3.connection.HTTPSConnection object at 0x7956c8396110>: Failed to establish a new connection: [Errno -3] Temporary failure in name resolution'))
[SCRIPT] Erreur au Point 1 - angle 252° : HTTPSConnectionPool(host='maps.googleapis.com', port=443): Max retries exceeded with url: /maps/api/streetview/metadata?location=50.76524598655669%2C2.7251630613889146&key=AIzaSyD_4J99_NCwayT9pZlOdHXyNjBrPWnnoG0&radius=15&source=outdoor (Caused by NewConnectionError('<urllib3.connection.HTTPSConnection object at 0x7956c8394710>: Failed to establish a new connection: [Errno -3] Temporary failure in name resolution'))
[SCRIPT] Erreur au Point 1 - angle 288° : HTTPSConnectionPool(host='maps.googleapis.com', port=443): Max retries exceeded with url: /maps/api/streetview/metadata?location=50.76528489334904%2C2.7251630613101994&key=AIzaSyD_4J99_NCwayT9pZlOdHXyNjBrPWnnoG0&radius=15&source=outdoor (Caused by NewConnectionError('<urllib3.connection.HTTPSConnection object at 0x7956c8396a50>: Failed to establish a new connection: [Errno -3] Temporary failure in name resolution'))
[SCRIPT] Erreur au Point 1 - angle 324° : HTTPSConnectionPool(host='maps.googleapis.com', port=443): Max retries exceeded with url: /maps/api/streetview/metadata?location=50.76531636962892%2C2.7251992176108217&key=AIzaSyD_4J99_NCwayT9pZlOdHXyNjBrPWnnoG0&radius=15&source=outdoor (Caused by NewConnectionError('<urllib3.connection.HTTPSConnection object at 0x7956c83960d0>: Failed to establish a new connection: [Errno -3] Temporary failure in name resolution'))
[SCRIPT] Point 1 terminé : 0 image(s) obtenue(s) sur 10 angles testés.
[SCRIPT] Analyse du Point 2 (50.76796292903358, 2.7186271375885767)...
[SCRIPT] Erreur au Point 2 - angle 0° : HTTPSConnectionPool(host='maps.googleapis.com', port=443): Max retries exceeded with url: /maps/api/streetview/metadata?location=50.768025881546%2C2.7186271375885767&key=AIzaSyD_4J99_NCwayT9pZlOdHXyNjBrPWnnoG0&radius=15&source=outdoor (Caused by NewConnectionError('<urllib3.connection.HTTPSConnection object at 0x7956c8396550>: Failed to establish a new connection: [Errno -3] Temporary failure in name resolution'))
[SCRIPT] Erreur au Point 2 - angle 36° : HTTPSConnectionPool(host='maps.googleapis.com', port=443): Max retries exceeded with url: /maps/api/streetview/metadata?location=50.76801385867133%2C2.71868564318811&key=AIzaSyD_4J99_NCwayT9pZlOdHXyNjBrPWnnoG0&radius=15&source=outdoor (Caused by NewConnectionError('<urllib3.connection.HTTPSConnection object at 0x7956c83968d0>: Failed to establish a new connection: [Errno -3] Temporary failure in name resolution'))
[SCRIPT] Erreur au Point 2 - angle 72° : HTTPSConnectionPool(host='maps.googleapis.com', port=443): Max retries exceeded with url: /maps/api/streetview/metadata?location=50.76798238239145%2C2.7187218015734627&key=AIzaSyD_4J99_NCwayT9pZlOdHXyNjBrPWnnoG0&radius=15&source=outdoor (Caused by NewConnectionError('<urllib3.connection.HTTPSConnection object at 0x7956c8396950>: Failed to establish a new connection: [Errno -3] Temporary failure in name resolution'))
[SCRIPT] Erreur au Point 2 - angle 108° : HTTPSConnectionPool(host='maps.googleapis.com', port=443): Max retries exceeded with url: /maps/api/streetview/metadata?location=50.767943475599104%2C2.718721801494735&key=AIzaSyD_4J99_NCwayT9pZlOdHXyNjBrPWnnoG0&radius=15&source=outdoor (Caused by NewConnectionError('<urllib3.connection.HTTPSConnection object at 0x7956c8396ad0>: Failed to establish a new connection: [Errno -3] Temporary failure in name resolution'))
[SCRIPT] Erreur au Point 2 - angle 144° : HTTPSConnectionPool(host='maps.googleapis.com', port=443): Max retries exceeded with url: /maps/api/streetview/metadata?location=50.76791199936657%2C2.718685643060727&key=AIzaSyD_4J99_NCwayT9pZlOdHXyNjBrPWnnoG0&radius=15&source=outdoor (Caused by NewConnectionError('<urllib3.connection.HTTPSConnection object at 0x7956c83966d0>: Failed to establish a new connection: [Errno -3] Temporary failure in name resolution'))
[SCRIPT] Erreur au Point 2 - angle 180° : HTTPSConnectionPool(host='maps.googleapis.com', port=443): Max retries exceeded with url: /maps/api/streetview/metadata?location=50.76789997652118%2C2.7186271375885767&key=AIzaSyD_4J99_NCwayT9pZlOdHXyNjBrPWnnoG0&radius=15&source=outdoor (Caused by NewConnectionError('<urllib3.connection.HTTPSConnection object at 0x7956c8397f50>: Failed to establish a new connection: [Errno -3] Temporary failure in name resolution'))
[SCRIPT] Erreur au Point 2 - angle 216° : HTTPSConnectionPool(host='maps.googleapis.com', port=443): Max retries exceeded with url: /maps/api/streetview/metadata?location=50.76791199936657%2C2.7185686321164266&key=AIzaSyD_4J99_NCwayT9pZlOdHXyNjBrPWnnoG0&radius=15&source=outdoor (Caused by NewConnectionError('<urllib3.connection.HTTPSConnection object at 0x7956c83977d0>: Failed to establish a new connection: [Errno -3] Temporary failure in name resolution'))
[SCRIPT] Erreur au Point 2 - angle 252° : HTTPSConnectionPool(host='maps.googleapis.com', port=443): Max retries exceeded with url: /maps/api/streetview/metadata?location=50.767943475599104%2C2.718532473682419&key=AIzaSyD_4J99_NCwayT9pZlOdHXyNjBrPWnnoG0&radius=15&source=outdoor (Caused by NewConnectionError('<urllib3.connection.HTTPSConnection object at 0x7956c8395bd0>: Failed to establish a new connection: [Errno -3] Temporary failure in name resolution'))
[SCRIPT] Erreur au Point 2 - angle 288° : HTTPSConnectionPool(host='maps.googleapis.com', port=443): Max retries exceeded with url: /maps/api/streetview/metadata?location=50.76798238239145%2C2.718532473603691&key=AIzaSyD_4J99_NCwayT9pZlOdHXyNjBrPWnnoG0&radius=15&source=outdoor (Caused by NewConnectionError('<urllib3.connection.HTTPSConnection object at 0x7956c81ac050>: Failed to establish a new connection: [Errno -3] Temporary failure in name resolution'))
[SCRIPT] Erreur au Point 2 - angle 324° : HTTPSConnectionPool(host='maps.googleapis.com', port=443): Max retries exceeded with url: /maps/api/streetview/metadata?location=50.76801385867133%2C2.718568631989043&key=AIzaSyD_4J99_NCwayT9pZlOdHXyNjBrPWnnoG0&radius=15&source=outdoor (Caused by NewConnectionError('<urllib3.connection.HTTPSConnection object at 0x7956c81ac2d0>: Failed to establish a new connection: [Errno -3] Temporary failure in name resolution'))
[SCRIPT] Point 2 terminé : 0 image(s) obtenue(s) sur 10 angles testés.
[SCRIPT] Analyse du Point 3 (50.7656609945417, 2.70876037887413)...
[SCRIPT] Erreur au Point 3 - angle 0° : HTTPSConnectionPool(host='maps.googleapis.com', port=443): Max retries exceeded with url: /maps/api/streetview/metadata?location=50.76572394705412%2C2.70876037887413&key=AIzaSyD_4J99_NCwayT9pZlOdHXyNjBrPWnnoG0&radius=15&source=outdoor (Caused by NewConnectionError('<urllib3.connection.HTTPSConnection object at 0x7956c81ac450>: Failed to establish a new connection: [Errno -3] Temporary failure in name resolution'))
[SCRIPT] Erreur au Point 3 - angle 36° : HTTPSConnectionPool(host='maps.googleapis.com', port=443): Max retries exceeded with url: /maps/api/streetview/metadata?location=50.76571192417944%2C2.7088188815950875&key=AIzaSyD_4J99_NCwayT9pZlOdHXyNjBrPWnnoG0&radius=15&source=outdoor (Caused by NewConnectionError('<urllib3.connection.HTTPSConnection object at 0x7956c81ac750>: Failed to establish a new connection: [Errno -3] Temporary failure in name resolution'))
[SCRIPT] Erreur au Point 3 - angle 72° : HTTPSConnectionPool(host='maps.googleapis.com', port=443): Max retries exceeded with url: /maps/api/streetview/metadata?location=50.76568044789957%2C2.7088550382013903&key=AIzaSyD_4J99_NCwayT9pZlOdHXyNjBrPWnnoG0&radius=15&source=outdoor (Caused by NewConnectionError('<urllib3.connection.HTTPSConnection object at 0x7956c81ac890>: Failed to establish a new connection: [Errno -3] Temporary failure in name resolution'))
[SCRIPT] Erreur au Point 3 - angle 108° : HTTPSConnectionPool(host='maps.googleapis.com', port=443): Max retries exceeded with url: /maps/api/streetview/metadata?location=50.765641541107215%2C2.7088550381226733&key=AIzaSyD_4J99_NCwayT9pZlOdHXyNjBrPWnnoG0&radius=15&source=outdoor (Caused by NewConnectionError('<urllib3.connection.HTTPSConnection object at 0x7956c81aca10>: Failed to establish a new connection: [Errno -3] Temporary failure in name resolution'))
[SCRIPT] Erreur au Point 3 - angle 144° : HTTPSConnectionPool(host='maps.googleapis.com', port=443): Max retries exceeded with url: /maps/api/streetview/metadata?location=50.765610064874686%2C2.708818881467721&key=AIzaSyD_4J99_NCwayT9pZlOdHXyNjBrPWnnoG0&radius=15&source=outdoor (Caused by NewConnectionError('<urllib3.connection.HTTPSConnection object at 0x7956c81acb90>: Failed to establish a new connection: [Errno -3] Temporary failure in name resolution'))
[SCRIPT] Erreur au Point 3 - angle 180° : HTTPSConnectionPool(host='maps.googleapis.com', port=443): Max retries exceeded with url: /maps/api/streetview/metadata?location=50.76559804202928%2C2.70876037887413&key=AIzaSyD_4J99_NCwayT9pZlOdHXyNjBrPWnnoG0&radius=15&source=outdoor (Caused by NewConnectionError('<urllib3.connection.HTTPSConnection object at 0x7956c81accd0>: Failed to establish a new connection: [Errno -3] Temporary failure in name resolution'))
[SCRIPT] Erreur au Point 3 - angle 216° : HTTPSConnectionPool(host='maps.googleapis.com', port=443): Max retries exceeded with url: /maps/api/streetview/metadata?location=50.765610064874686%2C2.7087018762805393&key=AIzaSyD_4J99_NCwayT9pZlOdHXyNjBrPWnnoG0&radius=15&source=outdoor (Caused by NewConnectionError('<urllib3.connection.HTTPSConnection object at 0x7956c81ac850>: Failed to establish a new connection: [Errno -3] Temporary failure in name resolution'))
[SCRIPT] Erreur au Point 3 - angle 252° : HTTPSConnectionPool(host='maps.googleapis.com', port=443): Max retries exceeded with url: /maps/api/streetview/metadata?location=50.765641541107215%2C2.708665719625587&key=AIzaSyD_4J99_NCwayT9pZlOdHXyNjBrPWnnoG0&radius=15&source=outdoor (Caused by NewConnectionError('<urllib3.connection.HTTPSConnection object at 0x7956c81acf50>: Failed to establish a new connection: [Errno -3] Temporary failure in name resolution'))
[SCRIPT] Erreur au Point 3 - angle 288° : HTTPSConnectionPool(host='maps.googleapis.com', port=443): Max retries exceeded with url: /maps/api/streetview/metadata?location=50.76568044789957%2C2.7086657195468695&key=AIzaSyD_4J99_NCwayT9pZlOdHXyNjBrPWnnoG0&radius=15&source=outdoor (Caused by NewConnectionError('<urllib3.connection.HTTPSConnection object at 0x7956c81acc10>: Failed to establish a new connection: [Errno -3] Temporary failure in name resolution'))
[SCRIPT] Erreur au Point 3 - angle 324° : HTTPSConnectionPool(host='maps.googleapis.com', port=443): Max retries exceeded with url: /maps/api/streetview/metadata?location=50.76571192417944%2C2.7087018761531723&key=AIzaSyD_4J99_NCwayT9pZlOdHXyNjBrPWnnoG0&radius=15&source=outdoor (Caused by NewConnectionError('<urllib3.connection.HTTPSConnection object at 0x7956c81ad1d0>: Failed to establish a new connection: [Errno -3] Temporary failure in name resolution'))
[SCRIPT] Point 3 terminé : 0 image(s) obtenue(s) sur 10 angles testés.
[SCRIPT] Analyse du Point 4 (50.78021933226435, 2.729517551666634)...
[SCRIPT] Erreur au Point 4 - angle 0° : HTTPSConnectionPool(host='maps.googleapis.com', port=443): Max retries exceeded with url: /maps/api/streetview/metadata?location=50.78028228477677%2C2.729517551666634&key=AIzaSyD_4J99_NCwayT9pZlOdHXyNjBrPWnnoG0&radius=15&source=outdoor (Caused by NewConnectionError('<urllib3.connection.HTTPSConnection object at 0x7956c81ad310>: Failed to establish a new connection: [Errno -3] Temporary failure in name resolution'))
[SCRIPT] Erreur au Point 4 - angle 36° : HTTPSConnectionPool(host='maps.googleapis.com', port=443): Max retries exceeded with url: /maps/api/streetview/metadata?location=50.78027026190209%2C2.729576072599198&key=AIzaSyD_4J99_NCwayT9pZlOdHXyNjBrPWnnoG0&radius=15&source=outdoor (Caused by NewConnectionError('<urllib3.connection.HTTPSConnection object at 0x7956c81ad650>: Failed to establish a new connection: [Errno -3] Temporary failure in name resolution'))
[SCRIPT] Erreur au Point 4 - angle 72° : HTTPSConnectionPool(host='maps.googleapis.com', port=443): Max retries exceeded with url: /maps/api/streetview/metadata?location=50.7802387856222%2C2.7296122404608396&key=AIzaSyD_4J99_NCwayT9pZlOdHXyNjBrPWnnoG0&radius=15&source=outdoor (Caused by NewConnectionError('<urllib3.connection.HTTPSConnection object at 0x7956c81ad7d0>: Failed to establish a new connection: [Errno -3] Temporary failure in name resolution'))
[SCRIPT] Erreur au Point 4 - angle 108° : HTTPSConnectionPool(host='maps.googleapis.com', port=443): Max retries exceeded with url: /maps/api/streetview/metadata?location=50.78019987882985%2C2.7296122403820573&key=AIzaSyD_4J99_NCwayT9pZlOdHXyNjBrPWnnoG0&radius=15&source=outdoor (Caused by NewConnectionError('<urllib3.connection.HTTPSConnection object at 0x7956c81ad910>: Failed to establish a new connection: [Errno -3] Temporary failure in name resolution'))
[SCRIPT] Erreur au Point 4 - angle 144° : HTTPSConnectionPool(host='maps.googleapis.com', port=443): Max retries exceeded with url: /maps/api/streetview/metadata?location=50.78016840259734%2C2.7295760724717257&key=AIzaSyD_4J99_NCwayT9pZlOdHXyNjBrPWnnoG0&radius=15&source=outdoor (Caused by NewConnectionError('<urllib3.connection.HTTPSConnection object at 0x7956c81ada50>: Failed to establish a new connection: [Errno -3] Temporary failure in name resolution'))
[SCRIPT] Erreur au Point 4 - angle 180° : HTTPSConnectionPool(host='maps.googleapis.com', port=443): Max retries exceeded with url: /maps/api/streetview/metadata?location=50.78015637975194%2C2.729517551666634&key=AIzaSyD_4J99_NCwayT9pZlOdHXyNjBrPWnnoG0&radius=15&source=outdoor (Caused by NewConnectionError('<urllib3.connection.HTTPSConnection object at 0x7956c81adb90>: Failed to establish a new connection: [Errno -3] Temporary failure in name resolution'))
[SCRIPT] Image enregistrée : POINT_4_ANGLE216_dist5m.jpg
[SCRIPT] Image enregistrée : POINT_4_ANGLE252_dist10m.jpg
[SCRIPT] Point 4 - angle 288° : panorama déjà utilisé, ignoré.
[SCRIPT] Image enregistrée : POINT_4_ANGLE324_dist7m.jpg
[SCRIPT] Point 4 terminé : 3 image(s) obtenue(s) sur 10 angles testés.
[SCRIPT] Analyse du Point 5 (50.7590925037024, 2.724934413962284)...
[SCRIPT] Image enregistrée : POINT_5_ANGLE0_dist3m.jpg
[SCRIPT] Point 5 - angle 36° : panorama déjà utilisé, ignoré.
[SCRIPT] Point 5 - angle 72° : panorama déjà utilisé, ignoré.
[SCRIPT] Image enregistrée : POINT_5_ANGLE108_dist6m.jpg
[SCRIPT] Point 5 - angle 144° : panorama déjà utilisé, ignoré.
[SCRIPT] Point 5 - angle 180° : panorama déjà utilisé, ignoré.
[SCRIPT] Point 5 - angle 216° : panorama déjà utilisé, ignoré.
[SCRIPT] Point 5 - angle 252° : panorama déjà utilisé, ignoré.
[SCRIPT] Point 5 - angle 288° : panorama déjà utilisé, ignoré.
[SCRIPT] Point 5 - angle 324° : panorama déjà utilisé, ignoré.
[SCRIPT] Point 5 terminé : 2 image(s) obtenue(s) sur 10 angles testés.
[SCRIPT] Analyse du Point 6 (50.75732636958182, 2.72920161575061)...
[SCRIPT] Image enregistrée : POINT_6_ANGLE0_dist4m.jpg
[SCRIPT] Point 6 - angle 36° : panorama déjà utilisé, ignoré.
[SCRIPT] Point 6 - angle 72° : panorama déjà utilisé, ignoré.
[SCRIPT] Point 6 - angle 108° : panorama déjà utilisé, ignoré.
[SCRIPT] Point 6 - angle 144° : panorama déjà utilisé, ignoré.
[SCRIPT] Image enregistrée : POINT_6_ANGLE180_dist6m.jpg
[SCRIPT] Point 6 - angle 216° : panorama déjà utilisé, ignoré.
[SCRIPT] Point 6 - angle 252° : panorama déjà utilisé, ignoré.
[SCRIPT] Point 6 - angle 288° : panorama déjà utilisé, ignoré.
[SCRIPT] Point 6 - angle 324° : panorama déjà utilisé, ignoré.
[SCRIPT] Point 6 terminé : 2 image(s) obtenue(s) sur 10 angles testés.
[SCRIPT] Analyse du Point 7 (50.75743462787899, 2.72922804120084)...
[SCRIPT] Point 7 - angle 0° : aucun panorama trouvé (Statut: ZERO_RESULTS)
[SCRIPT] Image enregistrée : POINT_7_ANGLE36_dist12m.jpg
[SCRIPT] Point 7 - angle 72° : panorama déjà utilisé, ignoré.
[SCRIPT] Point 7 - angle 108° : panorama déjà utilisé, ignoré.
[SCRIPT] Image enregistrée : POINT_7_ANGLE144_dist9m.jpg
[SCRIPT] Point 7 - angle 180° : panorama déjà utilisé, ignoré.
[SCRIPT] Point 7 - angle 216° : panorama déjà utilisé, ignoré.
[SCRIPT] Image enregistrée : POINT_7_ANGLE252_dist14m.jpg
[SCRIPT] Point 7 - angle 288° : panorama déjà utilisé, ignoré.
[SCRIPT] Point 7 - angle 324° : aucun panorama trouvé (Statut: ZERO_RESULTS)
[SCRIPT] Point 7 terminé : 3 image(s) obtenue(s) sur 10 angles testés.
